test output 
